// Jest Snapshot v1, https://goo.gl/fbAQLP

exports[`Gallery component renders correctly 1`] = `
<div>
  <img
    alt=""
    onClick={[Function]}
    src="photo1.jpg"
  />
  <img
    alt=""
    onClick={[Function]}
    src="photo2.jpg"
  />
  <img
    alt=""
    onClick={[Function]}
    src="photo3.jpg"
  />
</div>
`;
