// Jest Snapshot v1, https://goo.gl/fbAQLP

exports[`Gallery component renders correctly 1`] = `
<div
  className="auto-rows-[minmax(min-content,_max-content)] gap-12 grid grid-col p-12 sm:grid-cols-2 lg:grid-cols-3 2xl:gap-14 2xl:p-14 3xl:gap-16 3xl:p-16 4xl:gap-24 4xl:p-24"
>
  <img
    alt=""
    className="aspect-square h-full object-cover opacity-0 photo w-full will-change-transform"
    onClick={[Function]}
    src="photo1.jpg"
  />
  <img
    alt=""
    className="aspect-square h-full object-cover opacity-0 photo w-full will-change-transform"
    onClick={[Function]}
    src="photo2.jpg"
  />
  <img
    alt=""
    className="aspect-square h-full object-cover opacity-0 photo w-full will-change-transform"
    onClick={[Function]}
    src="photo3.jpg"
  />
</div>
`;
